C:/WD/CCLAD/TIM_PWMOutput/Drivers/BSP/STM324x9I_EVAL/stm324x9i_eval.c:159:10:BSP_GetVersion	4	static
C:/WD/CCLAD/TIM_PWMOutput/Drivers/BSP/STM324x9I_EVAL/stm324x9i_eval.c:173:6:BSP_LED_Init	56	static
C:/WD/CCLAD/TIM_PWMOutput/Drivers/BSP/STM324x9I_EVAL/stm324x9i_eval.c:200:6:BSP_LED_On	16	static
C:/WD/CCLAD/TIM_PWMOutput/Drivers/BSP/STM324x9I_EVAL/stm324x9i_eval.c:214:6:BSP_LED_Off	16	static
C:/WD/CCLAD/TIM_PWMOutput/Drivers/BSP/STM324x9I_EVAL/stm324x9i_eval.c:228:6:BSP_LED_Toggle	16	static
C:/WD/CCLAD/TIM_PWMOutput/Drivers/BSP/STM324x9I_EVAL/stm324x9i_eval.c:245:6:BSP_PB_Init	48	static
C:/WD/CCLAD/TIM_PWMOutput/Drivers/BSP/STM324x9I_EVAL/stm324x9i_eval.c:295:10:BSP_PB_GetState	16	static
C:/WD/CCLAD/TIM_PWMOutput/Drivers/BSP/STM324x9I_EVAL/stm324x9i_eval.c:309:6:BSP_COM_Init	48	static
C:/WD/CCLAD/TIM_PWMOutput/Drivers/BSP/STM324x9I_EVAL/stm324x9i_eval.c:348:9:BSP_JOY_Init	24	static
C:/WD/CCLAD/TIM_PWMOutput/Drivers/BSP/STM324x9I_EVAL/stm324x9i_eval.c:376:18:BSP_JOY_GetState	16	static
C:/WD/CCLAD/TIM_PWMOutput/Drivers/BSP/STM324x9I_EVAL/stm324x9i_eval.c:418:9:BSP_TS3510_IsDetected	40	static
C:/WD/CCLAD/TIM_PWMOutput/Drivers/BSP/STM324x9I_EVAL/stm324x9i_eval.c:454:13:I2Cx_MspInit	40	static
C:/WD/CCLAD/TIM_PWMOutput/Drivers/BSP/STM324x9I_EVAL/stm324x9i_eval.c:496:13:I2Cx_Init	8	static
C:/WD/CCLAD/TIM_PWMOutput/Drivers/BSP/STM324x9I_EVAL/stm324x9i_eval.c:519:13:I2Cx_ITConfig	40	static
C:/WD/CCLAD/TIM_PWMOutput/Drivers/BSP/STM324x9I_EVAL/stm324x9i_eval.c:549:13:I2Cx_Write	40	static
C:/WD/CCLAD/TIM_PWMOutput/Drivers/BSP/STM324x9I_EVAL/stm324x9i_eval.c:569:16:I2Cx_Read	40	static
C:/WD/CCLAD/TIM_PWMOutput/Drivers/BSP/STM324x9I_EVAL/stm324x9i_eval.c:594:26:I2Cx_ReadMultiple	48	static
C:/WD/CCLAD/TIM_PWMOutput/Drivers/BSP/STM324x9I_EVAL/stm324x9i_eval.c:625:26:I2Cx_WriteMultiple	48	static
C:/WD/CCLAD/TIM_PWMOutput/Drivers/BSP/STM324x9I_EVAL/stm324x9i_eval.c:647:26:I2Cx_IsDeviceReady	16	static
C:/WD/CCLAD/TIM_PWMOutput/Drivers/BSP/STM324x9I_EVAL/stm324x9i_eval.c:656:13:I2Cx_Error	16	static
C:/WD/CCLAD/TIM_PWMOutput/Drivers/BSP/STM324x9I_EVAL/stm324x9i_eval.c:674:6:IOE_Init	8	static
C:/WD/CCLAD/TIM_PWMOutput/Drivers/BSP/STM324x9I_EVAL/stm324x9i_eval.c:682:6:IOE_ITConfig	8	static
C:/WD/CCLAD/TIM_PWMOutput/Drivers/BSP/STM324x9I_EVAL/stm324x9i_eval.c:693:6:IOE_Write	16	static
C:/WD/CCLAD/TIM_PWMOutput/Drivers/BSP/STM324x9I_EVAL/stm324x9i_eval.c:704:9:IOE_Read	16	static
C:/WD/CCLAD/TIM_PWMOutput/Drivers/BSP/STM324x9I_EVAL/stm324x9i_eval.c:717:10:IOE_ReadMultiple	24	static
C:/WD/CCLAD/TIM_PWMOutput/Drivers/BSP/STM324x9I_EVAL/stm324x9i_eval.c:729:6:IOE_WriteMultiple	24	static
C:/WD/CCLAD/TIM_PWMOutput/Drivers/BSP/STM324x9I_EVAL/stm324x9i_eval.c:738:6:IOE_Delay	16	static
C:/WD/CCLAD/TIM_PWMOutput/Drivers/BSP/STM324x9I_EVAL/stm324x9i_eval.c:748:6:AUDIO_IO_Init	8	static
C:/WD/CCLAD/TIM_PWMOutput/Drivers/BSP/STM324x9I_EVAL/stm324x9i_eval.c:756:6:AUDIO_IO_DeInit	4	static
C:/WD/CCLAD/TIM_PWMOutput/Drivers/BSP/STM324x9I_EVAL/stm324x9i_eval.c:767:6:AUDIO_IO_Write	32	static
C:/WD/CCLAD/TIM_PWMOutput/Drivers/BSP/STM324x9I_EVAL/stm324x9i_eval.c:784:10:AUDIO_IO_Read	32	static
C:/WD/CCLAD/TIM_PWMOutput/Drivers/BSP/STM324x9I_EVAL/stm324x9i_eval.c:803:6:AUDIO_IO_Delay	16	static
C:/WD/CCLAD/TIM_PWMOutput/Drivers/BSP/STM324x9I_EVAL/stm324x9i_eval.c:813:6:CAMERA_IO_Init	8	static
C:/WD/CCLAD/TIM_PWMOutput/Drivers/BSP/STM324x9I_EVAL/stm324x9i_eval.c:824:6:CAMERA_IO_Write	16	static
C:/WD/CCLAD/TIM_PWMOutput/Drivers/BSP/STM324x9I_EVAL/stm324x9i_eval.c:835:9:CAMERA_IO_Read	16	static
C:/WD/CCLAD/TIM_PWMOutput/Drivers/BSP/STM324x9I_EVAL/stm324x9i_eval.c:844:6:CAMERA_Delay	16	static
C:/WD/CCLAD/TIM_PWMOutput/Drivers/BSP/STM324x9I_EVAL/stm324x9i_eval.c:854:6:EEPROM_IO_Init	8	static
C:/WD/CCLAD/TIM_PWMOutput/Drivers/BSP/STM324x9I_EVAL/stm324x9i_eval.c:867:19:EEPROM_IO_WriteData	32	static
C:/WD/CCLAD/TIM_PWMOutput/Drivers/BSP/STM324x9I_EVAL/stm324x9i_eval.c:880:19:EEPROM_IO_ReadData	32	static
C:/WD/CCLAD/TIM_PWMOutput/Drivers/BSP/STM324x9I_EVAL/stm324x9i_eval.c:892:19:EEPROM_IO_IsDeviceReady	16	static
