Archive member included to satisfy reference by file (symbol)

C:/Program Files/ST/STM32CubeIDE_1.14.0/STM32CubeIDE/plugins/com.st.stm32cube.ide.mcu.externaltools.gnu-tools-for-stm32.11.3.rel1.win32_1.1.100.202309141235/tools/bin/../lib/gcc/arm-none-eabi/11.3.1/../../../../arm-none-eabi/lib/thumb/v7e-m+fp/hard\libc_nano.a(libc_a-exit.o)
                              C:/Program Files/ST/STM32CubeIDE_1.14.0/STM32CubeIDE/plugins/com.st.stm32cube.ide.mcu.externaltools.gnu-tools-for-stm32.11.3.rel1.win32_1.1.100.202309141235/tools/bin/../lib/gcc/arm-none-eabi/11.3.1/../../../../arm-none-eabi/lib/thumb/v7e-m+fp/hard/crt0.o (exit)
C:/Program Files/ST/STM32CubeIDE_1.14.0/STM32CubeIDE/plugins/com.st.stm32cube.ide.mcu.externaltools.gnu-tools-for-stm32.11.3.rel1.win32_1.1.100.202309141235/tools/bin/../lib/gcc/arm-none-eabi/11.3.1/../../../../arm-none-eabi/lib/thumb/v7e-m+fp/hard\libc_nano.a(libc_a-findfp.o)
                              C:/Program Files/ST/STM32CubeIDE_1.14.0/STM32CubeIDE/plugins/com.st.stm32cube.ide.mcu.externaltools.gnu-tools-for-stm32.11.3.rel1.win32_1.1.100.202309141235/tools/bin/../lib/gcc/arm-none-eabi/11.3.1/../../../../arm-none-eabi/lib/thumb/v7e-m+fp/hard\libc_nano.a(libc_a-exit.o) (__stdio_exit_handler)
C:/Program Files/ST/STM32CubeIDE_1.14.0/STM32CubeIDE/plugins/com.st.stm32cube.ide.mcu.externaltools.gnu-tools-for-stm32.11.3.rel1.win32_1.1.100.202309141235/tools/bin/../lib/gcc/arm-none-eabi/11.3.1/../../../../arm-none-eabi/lib/thumb/v7e-m+fp/hard\libc_nano.a(libc_a-fwalk.o)
                              C:/Program Files/ST/STM32CubeIDE_1.14.0/STM32CubeIDE/plugins/com.st.stm32cube.ide.mcu.externaltools.gnu-tools-for-stm32.11.3.rel1.win32_1.1.100.202309141235/tools/bin/../lib/gcc/arm-none-eabi/11.3.1/../../../../arm-none-eabi/lib/thumb/v7e-m+fp/hard\libc_nano.a(libc_a-findfp.o) (_fwalk_sglue)
C:/Program Files/ST/STM32CubeIDE_1.14.0/STM32CubeIDE/plugins/com.st.stm32cube.ide.mcu.externaltools.gnu-tools-for-stm32.11.3.rel1.win32_1.1.100.202309141235/tools/bin/../lib/gcc/arm-none-eabi/11.3.1/../../../../arm-none-eabi/lib/thumb/v7e-m+fp/hard\libc_nano.a(libc_a-stdio.o)
                              C:/Program Files/ST/STM32CubeIDE_1.14.0/STM32CubeIDE/plugins/com.st.stm32cube.ide.mcu.externaltools.gnu-tools-for-stm32.11.3.rel1.win32_1.1.100.202309141235/tools/bin/../lib/gcc/arm-none-eabi/11.3.1/../../../../arm-none-eabi/lib/thumb/v7e-m+fp/hard\libc_nano.a(libc_a-findfp.o) (__sread)
C:/Program Files/ST/STM32CubeIDE_1.14.0/STM32CubeIDE/plugins/com.st.stm32cube.ide.mcu.externaltools.gnu-tools-for-stm32.11.3.rel1.win32_1.1.100.202309141235/tools/bin/../lib/gcc/arm-none-eabi/11.3.1/../../../../arm-none-eabi/lib/thumb/v7e-m+fp/hard\libc_nano.a(libc_a-memset.o)
                              C:/Program Files/ST/STM32CubeIDE_1.14.0/STM32CubeIDE/plugins/com.st.stm32cube.ide.mcu.externaltools.gnu-tools-for-stm32.11.3.rel1.win32_1.1.100.202309141235/tools/bin/../lib/gcc/arm-none-eabi/11.3.1/../../../../arm-none-eabi/lib/thumb/v7e-m+fp/hard/crt0.o (memset)
C:/Program Files/ST/STM32CubeIDE_1.14.0/STM32CubeIDE/plugins/com.st.stm32cube.ide.mcu.externaltools.gnu-tools-for-stm32.11.3.rel1.win32_1.1.100.202309141235/tools/bin/../lib/gcc/arm-none-eabi/11.3.1/../../../../arm-none-eabi/lib/thumb/v7e-m+fp/hard\libc_nano.a(libc_a-closer.o)
                              C:/Program Files/ST/STM32CubeIDE_1.14.0/STM32CubeIDE/plugins/com.st.stm32cube.ide.mcu.externaltools.gnu-tools-for-stm32.11.3.rel1.win32_1.1.100.202309141235/tools/bin/../lib/gcc/arm-none-eabi/11.3.1/../../../../arm-none-eabi/lib/thumb/v7e-m+fp/hard\libc_nano.a(libc_a-stdio.o) (_close_r)
C:/Program Files/ST/STM32CubeIDE_1.14.0/STM32CubeIDE/plugins/com.st.stm32cube.ide.mcu.externaltools.gnu-tools-for-stm32.11.3.rel1.win32_1.1.100.202309141235/tools/bin/../lib/gcc/arm-none-eabi/11.3.1/../../../../arm-none-eabi/lib/thumb/v7e-m+fp/hard\libc_nano.a(libc_a-reent.o)
                              C:/Program Files/ST/STM32CubeIDE_1.14.0/STM32CubeIDE/plugins/com.st.stm32cube.ide.mcu.externaltools.gnu-tools-for-stm32.11.3.rel1.win32_1.1.100.202309141235/tools/bin/../lib/gcc/arm-none-eabi/11.3.1/../../../../arm-none-eabi/lib/thumb/v7e-m+fp/hard\libc_nano.a(libc_a-closer.o) (errno)
C:/Program Files/ST/STM32CubeIDE_1.14.0/STM32CubeIDE/plugins/com.st.stm32cube.ide.mcu.externaltools.gnu-tools-for-stm32.11.3.rel1.win32_1.1.100.202309141235/tools/bin/../lib/gcc/arm-none-eabi/11.3.1/../../../../arm-none-eabi/lib/thumb/v7e-m+fp/hard\libc_nano.a(libc_a-impure.o)
                              C:/Program Files/ST/STM32CubeIDE_1.14.0/STM32CubeIDE/plugins/com.st.stm32cube.ide.mcu.externaltools.gnu-tools-for-stm32.11.3.rel1.win32_1.1.100.202309141235/tools/bin/../lib/gcc/arm-none-eabi/11.3.1/../../../../arm-none-eabi/lib/thumb/v7e-m+fp/hard\libc_nano.a(libc_a-reent.o) (_impure_ptr)
[...]
Memory Configuration

Name             Origin             Length             Attributes
CCMRAM           0x0000000010000000 0x0000000000010000 xrw
RAM              0x0000000020000000 0x0000000000030000 xrw
ROM              0x0000000008000000 0x0000000000200000 xr
*default*        0x0000000000000000 0xffffffffffffffff

Linker script and memory map

LOAD C:/Program Files/ST/STM32CubeIDE_1.14.0/STM32CubeIDE/plugins/com.st.stm32cube.ide.mcu.externaltools.gnu-tools-for-stm32.11.3.rel1.win32_1.1.100.202309141235/tools/bin/../lib/gcc/arm-none-eabi/11.3.1/thumb/v7e-m+fp/hard/crti.o
LOAD C:/Program Files/ST/STM32CubeIDE_1.14.0/STM32CubeIDE/plugins/com.st.stm32cube.ide.mcu.externaltools.gnu-tools-for-stm32.11.3.rel1.win32_1.1.100.202309141235/tools/bin/../lib/gcc/arm-none-eabi/11.3.1/thumb/v7e-m+fp/hard/crtbegin.o
LOAD C:/Program Files/ST/STM32CubeIDE_1.14.0/STM32CubeIDE/plugins/com.st.stm32cube.ide.mcu.externaltools.gnu-tools-for-stm32.11.3.rel1.win32_1.1.100.202309141235/tools/bin/../lib/gcc/arm-none-eabi/11.3.1/../../../../arm-none-eabi/lib/thumb/v7e-m+fp/hard/crt0.o
LOAD ./Drivers/BSP/Components/stmpe1600.o
LOAD ./Drivers/BSP/Components/stmpe811.o
LOAD ./Drivers/BSP/Components/ts3510.o
LOAD ./Drivers/BSP/STM324x9I_EVAL/stm324x9i_eval.o
LOAD ./Drivers/BSP/STM324x9I_EVAL/stm324x9i_eval_io.o
LOAD ./Drivers/CMSIS/system_stm32f4xx.o
LOAD ./Drivers/STM32F4xx_HAL_Driver/stm32f4xx_hal.o
LOAD ./Drivers/STM32F4xx_HAL_Driver/stm32f4xx_hal_cortex.o
LOAD ./Drivers/STM32F4xx_HAL_Driver/stm32f4xx_hal_dma.o
LOAD ./Drivers/STM32F4xx_HAL_Driver/stm32f4xx_hal_dma_ex.o
LOAD ./Drivers/STM32F4xx_HAL_Driver/stm32f4xx_hal_gpio.o
LOAD ./Drivers/STM32F4xx_HAL_Driver/stm32f4xx_hal_i2c.o
LOAD ./Drivers/STM32F4xx_HAL_Driver/stm32f4xx_hal_pwr_ex.o
LOAD ./Drivers/STM32F4xx_HAL_Driver/stm32f4xx_hal_rcc.o
LOAD ./Drivers/STM32F4xx_HAL_Driver/stm32f4xx_hal_sram.o
LOAD ./Drivers/STM32F4xx_HAL_Driver/stm32f4xx_hal_tim.o
LOAD ./Drivers/STM32F4xx_HAL_Driver/stm32f4xx_hal_tim_ex.o
LOAD ./Drivers/STM32F4xx_HAL_Driver/stm32f4xx_hal_uart.o
LOAD ./Drivers/STM32F4xx_HAL_Driver/stm32f4xx_ll_fmc.o
LOAD ./Example/Startup/startup_stm32f429nihx.o
LOAD ./Example/User/main.o
LOAD ./Example/User/stm32f4xx_hal_msp.o
LOAD ./Example/User/stm32f4xx_it.o
LOAD ./Example/User/syscalls.o
LOAD ./Example/User/sysmem.o
START GROUP
LOAD C:/Program Files/ST/STM32CubeIDE_1.14.0/STM32CubeIDE/plugins/com.st.stm32cube.ide.mcu.externaltools.gnu-tools-for-stm32.11.3.rel1.win32_1.1.100.202309141235/tools/bin/../lib/gcc/arm-none-eabi/11.3.1/../../../../arm-none-eabi/lib/thumb/v7e-m+fp/hard\libc_nano.a
LOAD C:/Program Files/ST/STM32CubeIDE_1.14.0/STM32CubeIDE/plugins/com.st.stm32cube.ide.mcu.externaltools.gnu-tools-for-stm32.11.3.rel1.win32_1.1.100.202309141235/tools/bin/../lib/gcc/arm-none-eabi/11.3.1/../../../../arm-none-eabi/lib/thumb/v7e-m+fp/hard\libm.a
END GROUP
START GROUP
LOAD C:/Program Files/ST/STM32CubeIDE_1.14.0/STM32CubeIDE/plugins/com.st.stm32cube.ide.mcu.externaltools.gnu-tools-for-stm32.11.3.rel1.win32_1.1.100.202309141235/tools/bin/../lib/gcc/arm-none-eabi/11.3.1/thumb/v7e-m+fp/hard\libgcc.a
LOAD C:/Program Files/ST/STM32CubeIDE_1.14.0/STM32CubeIDE/plugins/com.st.stm32cube.ide.mcu.externaltools.gnu-tools-for-stm32.11.3.rel1.win32_1.1.100.202309141235/tools/bin/../lib/gcc/arm-none-eabi/11.3.1/../../../../arm-none-eabi/lib/thumb/v7e-m+fp/hard\libc_nano.a
END GROUP
START GROUP
LOAD C:/Program Files/ST/STM32CubeIDE_1.14.0/STM32CubeIDE/plugins/com.st.stm32cube.ide.mcu.externaltools.gnu-tools-for-stm32.11.3.rel1.win32_1.1.100.202309141235/tools/bin/../lib/gcc/arm-none-eabi/11.3.1/thumb/v7e-m+fp/hard\libgcc.a
LOAD C:/Program Files/ST/STM32CubeIDE_1.14.0/STM32CubeIDE/plugins/com.st.stm32cube.ide.mcu.externaltools.gnu-tools-for-stm32.11.3.rel1.win32_1.1.100.202309141235/tools/bin/../lib/gcc/arm-none-eabi/11.3.1/../../../../arm-none-eabi/lib/thumb/v7e-m+fp/hard\libc_nano.a
LOAD C:/Program Files/ST/STM32CubeIDE_1.14.0/STM32CubeIDE/plugins/com.st.stm32cube.ide.mcu.externaltools.gnu-tools-for-stm32.11.3.rel1.win32_1.1.100.202309141235/tools/bin/../lib/gcc/arm-none-eabi/11.3.1/../../../../arm-none-eabi/lib/thumb/v7e-m+fp/hard\libnosys.a
END GROUP
START GROUP
LOAD C:/Program Files/ST/STM32CubeIDE_1.14.0/STM32CubeIDE/plugins/com.st.stm32cube.ide.mcu.externaltools.gnu-tools-for-stm32.11.3.rel1.win32_1.1.100.202309141235/tools/bin/../lib/gcc/arm-none-eabi/11.3.1/thumb/v7e-m+fp/hard\libgcc.a
LOAD C:/Program Files/ST/STM32CubeIDE_1.14.0/STM32CubeIDE/plugins/com.st.stm32cube.ide.mcu.externaltools.gnu-tools-for-stm32.11.3.rel1.win32_1.1.100.202309141235/tools/bin/../lib/gcc/arm-none-eabi/11.3.1/../../../../arm-none-eabi/lib/thumb/v7e-m+fp/hard\libc_nano.a
LOAD C:/Program Files/ST/STM32CubeIDE_1.14.0/STM32CubeIDE/plugins/com.st.stm32cube.ide.mcu.externaltools.gnu-tools-for-stm32.11.3.rel1.win32_1.1.100.202309141235/tools/bin/../lib/gcc/arm-none-eabi/11.3.1/../../../../arm-none-eabi/lib/thumb/v7e-m+fp/hard\libnosys.a
END GROUP
LOAD C:/Program Files/ST/STM32CubeIDE_1.14.0/STM32CubeIDE/plugins/com.st.stm32cube.ide.mcu.externaltools.gnu-tools-for-stm32.11.3.rel1.win32_1.1.100.202309141235/tools/bin/../lib/gcc/arm-none-eabi/11.3.1/thumb/v7e-m+fp/hard/crtend.o
LOAD C:/Program Files/ST/STM32CubeIDE_1.14.0/STM32CubeIDE/plugins/com.st.stm32cube.ide.mcu.externaltools.gnu-tools-for-stm32.11.3.rel1.win32_1.1.100.202309141235/tools/bin/../lib/gcc/arm-none-eabi/11.3.1/thumb/v7e-m+fp/hard/crtn.o
                0x0000000020030000                _estack = (ORIGIN (RAM) + LENGTH (RAM))
                0x0000000000000200                _Min_Heap_Size = 0x200
                0x0000000000000400                _Min_Stack_Size = 0x400

.isr_vector     0x0000000008000000      0x1ac
                0x0000000008000000                . = ALIGN (0x4)
 *(.isr_vector)
 .isr_vector    0x0000000008000000      0x1ac ./Example/Startup/startup_stm32f429nihx.o
                0x0000000008000000                g_pfnVectors
                0x00000000080001ac                . = ALIGN (0x4)

.text           0x00000000080001ac     0x205c
                0x00000000080001ac                . = ALIGN (0x4)
 *(.text)
 .text          0x00000000080001ac       0x40 C:/Program Files/ST/STM32CubeIDE_1.14.0/STM32CubeIDE/plugins/com.st.stm32cube.ide.mcu.externaltools.gnu-tools-for-stm32.11.3.rel1.win32_1.1.100.202309141235/tools/bin/../lib/gcc/arm-none-eabi/11.3.1/thumb/v7e-m+fp/hard/crtbegin.o
 .text          0x00000000080001ec       0x30 C:/Program Files/ST/STM32CubeIDE_1.14.0/STM32CubeIDE/plugins/com.st.stm32cube.ide.mcu.externaltools.gnu-tools-for-stm32.11.3.rel1.win32_1.1.100.202309141235/tools/bin/../lib/gcc/arm-none-eabi/11.3.1/thumb/v7e-m+fp/hard\libgcc.a(_aeabi_uldivmod.o)
                0x00000000080001ec                __aeabi_uldivmod
 .text          0x000000000800021c      0x2c8 C:/Program Files/ST/STM32CubeIDE_1.14.0/STM32CubeIDE/plugins/com.st.stm32cube.ide.mcu.externaltools.gnu-tools-for-stm32.11.3.rel1.win32_1.1.100.202309141235/tools/bin/../lib/gcc/arm-none-eabi/11.3.1/thumb/v7e-m+fp/hard\libgcc.a(_udivmoddi4.o)
                0x000000000800021c                __udivmoddi4
 .text          0x00000000080004e4        0x4 C:/Program Files/ST/STM32CubeIDE_1.14.0/STM32CubeIDE/plugins/com.st.stm32cube.ide.mcu.externaltools.gnu-tools-for-stm32.11.3.rel1.win32_1.1.100.202309141235/tools/bin/../lib/gcc/arm-none-eabi/11.3.1/thumb/v7e-m+fp/hard\libgcc.a(_dvmd_tls.o)
                0x00000000080004e4                __aeabi_idiv0
                0x00000000080004e4                __aeabi_ldiv0
 *(.text*)
 .text.BSP_LED_Init
                0x00000000080004e8       0xf0 ./Drivers/BSP/STM324x9I_EVAL/stm324x9i_eval.o
                0x00000000080004e8                BSP_LED_Init
 .text.BSP_LED_On
                0x00000000080005d8       0x34 ./Drivers/BSP/STM324x9I_EVAL/stm324x9i_eval.o
                0x00000000080005d8                BSP_LED_On
 .text.SystemInit
                0x000000000800060c       0x6c ./Drivers/CMSIS/system_stm32f4xx.o
                0x000000000800060c                SystemInit
 .text.HAL_Init
                0x0000000008000678       0x44 ./Drivers/STM32F4xx_HAL_Driver/stm32f4xx_hal.o
                0x0000000008000678                HAL_Init
 .text.HAL_MspInit
                0x00000000080006bc        0xe ./Drivers/STM32F4xx_HAL_Driver/stm32f4xx_hal.o
                0x00000000080006bc                HAL_MspInit
 *fill*         0x00000000080006ca        0x2 
 .text.HAL_InitTick
                0x00000000080006cc       0x60 ./Drivers/STM32F4xx_HAL_Driver/stm32f4xx_hal.o
                0x00000000080006cc                HAL_InitTick
 .text.HAL_IncTick
                0x000000000800072c       0x28 ./Drivers/STM32F4xx_HAL_Driver/stm32f4xx_hal.o
                0x000000000800072c                HAL_IncTick
 .text.HAL_GetTick
                0x0000000008000754       0x18 ./Drivers/STM32F4xx_HAL_Driver/stm32f4xx_hal.o
                0x0000000008000754                HAL_GetTick
 .text.__NVIC_SetPriorityGrouping
                0x000000000800076c       0x48 ./Drivers/STM32F4xx_HAL_Driver/stm32f4xx_hal_cortex.o
 .text.__NVIC_GetPriorityGrouping
                0x00000000080007b4       0x1c ./Drivers/STM32F4xx_HAL_Driver/stm32f4xx_hal_cortex.o
 .text.__NVIC_SetPriority
                0x00000000080007d0       0x54 ./Drivers/STM32F4xx_HAL_Driver/stm32f4xx_hal_cortex.o
 .text.NVIC_EncodePriority
                0x0000000008000824       0x66 ./Drivers/STM32F4xx_HAL_Driver/stm32f4xx_hal_cortex.o
 *fill*         0x000000000800088a        0x2 
 .text.SysTick_Config
                0x000000000800088c       0x44 ./Drivers/STM32F4xx_HAL_Driver/stm32f4xx_hal_cortex.o
 .text.HAL_NVIC_SetPriorityGrouping
                0x00000000080008d0       0x16 ./Drivers/STM32F4xx_HAL_Driver/stm32f4xx_hal_cortex.o
                0x00000000080008d0                HAL_NVIC_SetPriorityGrouping
 .text.HAL_NVIC_SetPriority
                0x00000000080008e6       0x38 ./Drivers/STM32F4xx_HAL_Driver/stm32f4xx_hal_cortex.o
                0x00000000080008e6                HAL_NVIC_SetPriority
 .text.HAL_SYSTICK_Config
                0x000000000800091e       0x18 ./Drivers/STM32F4xx_HAL_Driver/stm32f4xx_hal_cortex.o
                0x000000000800091e                HAL_SYSTICK_Config
 *fill*         0x0000000008000936        0x2 
 .text.HAL_GPIO_Init
                0x0000000008000938      0x358 ./Drivers/STM32F4xx_HAL_Driver/stm32f4xx_hal_gpio.o
                0x0000000008000938                HAL_GPIO_Init
 .text.HAL_GPIO_WritePin
                0x0000000008000c90       0x32 ./Drivers/STM32F4xx_HAL_Driver/stm32f4xx_hal_gpio.o
                0x0000000008000c90                HAL_GPIO_WritePin
 *fill*         0x0000000008000cc2        0x2 
 .text.HAL_PWREx_EnableOverDrive
                0x0000000008000cc4       0xa0 ./Drivers/STM32F4xx_HAL_Driver/stm32f4xx_hal_pwr_ex.o
                0x0000000008000cc4                HAL_PWREx_EnableOverDrive
 .text.HAL_RCC_OscConfig
                0x0000000008000d64      0x4f0 ./Drivers/STM32F4xx_HAL_Driver/stm32f4xx_hal_rcc.o
                0x0000000008000d64                HAL_RCC_OscConfig
 .text.HAL_RCC_ClockConfig
                0x0000000008001254      0x1cc ./Drivers/STM32F4xx_HAL_Driver/stm32f4xx_hal_rcc.o
                0x0000000008001254                HAL_RCC_ClockConfig
 .text.HAL_RCC_GetSysClockFreq
                0x0000000008001420      0x18c ./Drivers/STM32F4xx_HAL_Driver/stm32f4xx_hal_rcc.o
                0x0000000008001420                HAL_RCC_GetSysClockFreq
 .text.HAL_TIM_PWM_Init
                0x00000000080015ac       0x9e ./Drivers/STM32F4xx_HAL_Driver/stm32f4xx_hal_tim.o
                0x00000000080015ac                HAL_TIM_PWM_Init
 *fill*         0x000000000800164a        0x2 
 .text.HAL_TIM_PWM_Start
                0x000000000800164c      0x190 ./Drivers/STM32F4xx_HAL_Driver/stm32f4xx_hal_tim.o
                0x000000000800164c                HAL_TIM_PWM_Start
 .text.HAL_TIM_PWM_ConfigChannel
                0x00000000080017dc      0x184 ./Drivers/STM32F4xx_HAL_Driver/stm32f4xx_hal_tim.o
                0x00000000080017dc                HAL_TIM_PWM_ConfigChannel
 .text.TIM_Base_SetConfig
                0x0000000008001960      0x158 ./Drivers/STM32F4xx_HAL_Driver/stm32f4xx_hal_tim.o
                0x0000000008001960                TIM_Base_SetConfig
 .text.TIM_OC1_SetConfig
                0x0000000008001ab8       0xe0 ./Drivers/STM32F4xx_HAL_Driver/stm32f4xx_hal_tim.o
 .text.TIM_OC2_SetConfig
                0x0000000008001b98       0xec ./Drivers/STM32F4xx_HAL_Driver/stm32f4xx_hal_tim.o
                0x0000000008001b98                TIM_OC2_SetConfig
 .text.TIM_OC3_SetConfig
                0x0000000008001c84       0xe8 ./Drivers/STM32F4xx_HAL_Driver/stm32f4xx_hal_tim.o
 .text.TIM_OC4_SetConfig
                0x0000000008001d6c       0xac ./Drivers/STM32F4xx_HAL_Driver/stm32f4xx_hal_tim.o
 .text.TIM_CCxChannelCmd
                0x0000000008001e18       0x4a ./Drivers/STM32F4xx_HAL_Driver/stm32f4xx_hal_tim.o
                0x0000000008001e18                TIM_CCxChannelCmd
 *fill*         0x0000000008001e62        0x2 
 .text.Reset_Handler
                0x0000000008001e64       0x50 ./Example/Startup/startup_stm32f429nihx.o
                0x0000000008001e64                Reset_Handler
 .text.Default_Handler
                0x0000000008001eb4        0x2 ./Example/Startup/startup_stm32f429nihx.o
                0x0000000008001eb4                RTC_Alarm_IRQHandler
                0x0000000008001eb4                HASH_RNG_IRQHandler
                0x0000000008001eb4                EXTI2_IRQHandler
                0x0000000008001eb4                TIM8_CC_IRQHandler
                0x0000000008001eb4                UART8_IRQHandler
                0x0000000008001eb4                SPI4_IRQHandler
                0x0000000008001eb4                TIM1_CC_IRQHandler
                0x0000000008001eb4                DMA2_Stream5_IRQHandler
                0x0000000008001eb4                DMA1_Stream5_IRQHandler
                0x0000000008001eb4                PVD_IRQHandler
                0x0000000008001eb4                SDIO_IRQHandler
                0x0000000008001eb4                TAMP_STAMP_IRQHandler
                0x0000000008001eb4                CAN2_RX1_IRQHandler
                0x0000000008001eb4                EXTI3_IRQHandler
                0x0000000008001eb4                TIM8_TRG_COM_TIM14_IRQHandler
                0x0000000008001eb4                TIM1_UP_TIM10_IRQHandler
                0x0000000008001eb4                TIM8_UP_TIM13_IRQHandler
                0x0000000008001eb4                I2C3_ER_IRQHandler
                0x0000000008001eb4                EXTI0_IRQHandler
                0x0000000008001eb4                I2C2_EV_IRQHandler
                0x0000000008001eb4                DMA1_Stream2_IRQHandler
                0x0000000008001eb4                CAN1_RX0_IRQHandler
                0x0000000008001eb4                FPU_IRQHandler
                0x0000000008001eb4                OTG_HS_WKUP_IRQHandler
                0x0000000008001eb4                LTDC_ER_IRQHandler
                0x0000000008001eb4                CAN2_SCE_IRQHandler
                0x0000000008001eb4                DMA2_Stream2_IRQHandler
                0x0000000008001eb4                SPI1_IRQHandler
                0x0000000008001eb4                TIM6_DAC_IRQHandler
                0x0000000008001eb4                TIM1_BRK_TIM9_IRQHandler
                0x0000000008001eb4                DCMI_IRQHandler
                0x0000000008001eb4                CAN2_RX0_IRQHandler
                0x0000000008001eb4                DMA2_Stream3_IRQHandler
                0x0000000008001eb4                USART6_IRQHandler
                0x0000000008001eb4                USART3_IRQHandler
                0x0000000008001eb4                CAN1_RX1_IRQHandler
                0x0000000008001eb4                UART5_IRQHandler
                0x0000000008001eb4                DMA2_Stream0_IRQHandler
                0x0000000008001eb4                TIM4_IRQHandler
                0x0000000008001eb4                I2C1_EV_IRQHandler
                0x0000000008001eb4                DMA1_Stream6_IRQHandler
                0x0000000008001eb4                DMA1_Stream1_IRQHandler
                0x0000000008001eb4                UART4_IRQHandler
                0x0000000008001eb4                TIM3_IRQHandler
                0x0000000008001eb4                RCC_IRQHandler
                0x0000000008001eb4                TIM8_BRK_TIM12_IRQHandler
                0x0000000008001eb4                Default_Handler
                0x0000000008001eb4                EXTI15_10_IRQHandler
                0x0000000008001eb4                ADC_IRQHandler
                0x0000000008001eb4                DMA1_Stream7_IRQHandler
                0x0000000008001eb4                SPI5_IRQHandler
                0x0000000008001eb4                TIM7_IRQHandler
                0x0000000008001eb4                CAN2_TX_IRQHandler
                0x0000000008001eb4                TIM5_IRQHandler
                0x0000000008001eb4                DMA2_Stream7_IRQHandler
                0x0000000008001eb4                I2C3_EV_IRQHandler
                0x0000000008001eb4                EXTI9_5_IRQHandler
                0x0000000008001eb4                RTC_WKUP_IRQHandler
                0x0000000008001eb4                LTDC_IRQHandler
                0x0000000008001eb4                ETH_WKUP_IRQHandler
                0x0000000008001eb4                SPI2_IRQHandler
                0x0000000008001eb4                OTG_HS_EP1_IN_IRQHandler
                0x0000000008001eb4                DMA1_Stream0_IRQHandler
                0x0000000008001eb4                CAN1_TX_IRQHandler
                0x0000000008001eb4                EXTI4_IRQHandler
                0x0000000008001eb4                ETH_IRQHandler
                0x0000000008001eb4                OTG_HS_EP1_OUT_IRQHandler
                0x0000000008001eb4                WWDG_IRQHandler
                0x0000000008001eb4                SPI6_IRQHandler
                0x0000000008001eb4                TIM2_IRQHandler
                0x0000000008001eb4                OTG_FS_WKUP_IRQHandler
                0x0000000008001eb4                TIM1_TRG_COM_TIM11_IRQHandler
                0x0000000008001eb4                OTG_HS_IRQHandler
                0x0000000008001eb4                DMA2D_IRQHandler
                0x0000000008001eb4                EXTI1_IRQHandler
                0x0000000008001eb4                UART7_IRQHandler
                0x0000000008001eb4                USART2_IRQHandler
                0x0000000008001eb4                I2C2_ER_IRQHandler
                0x0000000008001eb4                DMA2_Stream1_IRQHandler
                0x0000000008001eb4                CAN1_SCE_IRQHandler
                0x0000000008001eb4                FLASH_IRQHandler
                0x0000000008001eb4                DMA2_Stream4_IRQHandler
                0x0000000008001eb4                USART1_IRQHandler
                0x0000000008001eb4                OTG_FS_IRQHandler
                0x0000000008001eb4                SPI3_IRQHandler
                0x0000000008001eb4                DMA1_Stream4_IRQHandler
                0x0000000008001eb4                I2C1_ER_IRQHandler
                0x0000000008001eb4                FMC_IRQHandler
                0x0000000008001eb4                DMA2_Stream6_IRQHandler
                0x0000000008001eb4                SAI1_IRQHandler
                0x0000000008001eb4                DMA1_Stream3_IRQHandler
 *fill*         0x0000000008001eb6        0x2 
 .text.main     0x0000000008001eb8      0x13c ./Example/User/main.o
                0x0000000008001eb8                main
 .text.Error_Handler
                0x0000000008001ff4        0xc ./Example/User/main.o
 .text.SystemClock_Config
                0x0000000008002000       0xa8 ./Example/User/main.o
 .text.HAL_TIM_PWM_MspInit
                0x00000000080020a8       0xa4 ./Example/User/stm32f4xx_hal_msp.o
                0x00000000080020a8                HAL_TIM_PWM_MspInit
 .text.NMI_Handler
                0x000000000800214c        0xe ./Example/User/stm32f4xx_it.o
                0x000000000800214c                NMI_Handler
 .text.HardFault_Handler
                0x000000000800215a        0x6 ./Example/User/stm32f4xx_it.o
                0x000000000800215a                HardFault_Handler
 .text.MemManage_Handler
                0x0000000008002160        0x6 ./Example/User/stm32f4xx_it.o
                0x0000000008002160                MemManage_Handler
 .text.BusFault_Handler
                0x0000000008002166        0x6 ./Example/User/stm32f4xx_it.o
                0x0000000008002166                BusFault_Handler
 .text.UsageFault_Handler
                0x000000000800216c        0x6 ./Example/User/stm32f4xx_it.o
                0x000000000800216c                UsageFault_Handler
 .text.SVC_Handler
                0x0000000008002172        0xe ./Example/User/stm32f4xx_it.o
                0x0000000008002172                SVC_Handler
 .text.DebugMon_Handler
                0x0000000008002180        0xe ./Example/User/stm32f4xx_it.o
                0x0000000008002180                DebugMon_Handler
 .text.PendSV_Handler
                0x000000000800218e        0xe ./Example/User/stm32f4xx_it.o
                0x000000000800218e                PendSV_Handler
 .text.SysTick_Handler
                0x000000000800219c        0xc ./Example/User/stm32f4xx_it.o
                0x000000000800219c                SysTick_Handler
 .text.__libc_init_array
                0x00000000080021a8       0x48 C:/Program Files/ST/STM32CubeIDE_1.14.0/STM32CubeIDE/plugins/com.st.stm32cube.ide.mcu.externaltools.gnu-tools-for-stm32.11.3.rel1.win32_1.1.100.202309141235/tools/bin/../lib/gcc/arm-none-eabi/11.3.1/../../../../arm-none-eabi/lib/thumb/v7e-m+fp/hard\libc_nano.a(libc_a-init.o)
                0x00000000080021a8                __libc_init_array
 *(.glue_7)
 .glue_7        0x00000000080021f0        0x0 linker stubs
 *(.glue_7t)
 .glue_7t       0x00000000080021f0        0x0 linker stubs
 *(.eh_frame)
 .eh_frame      0x00000000080021f0        0x0 C:/Program Files/ST/STM32CubeIDE_1.14.0/STM32CubeIDE/plugins/com.st.stm32cube.ide.mcu.externaltools.gnu-tools-for-stm32.11.3.rel1.win32_1.1.100.202309141235/tools/bin/../lib/gcc/arm-none-eabi/11.3.1/thumb/v7e-m+fp/hard/crtbegin.o
 *(.init)
 .init          0x00000000080021f0        0x4 C:/Program Files/ST/STM32CubeIDE_1.14.0/STM32CubeIDE/plugins/com.st.stm32cube.ide.mcu.externaltools.gnu-tools-for-stm32.11.3.rel1.win32_1.1.100.202309141235/tools/bin/../lib/gcc/arm-none-eabi/11.3.1/thumb/v7e-m+fp/hard/crti.o
                0x00000000080021f0                _init
 .init          0x00000000080021f4        0x8 C:/Program Files/ST/STM32CubeIDE_1.14.0/STM32CubeIDE/plugins/com.st.stm32cube.ide.mcu.externaltools.gnu-tools-for-stm32.11.3.rel1.win32_1.1.100.202309141235/tools/bin/../lib/gcc/arm-none-eabi/11.3.1/thumb/v7e-m+fp/hard/crtn.o
 *(.fini)
 .fini          0x00000000080021fc        0x4 C:/Program Files/ST/STM32CubeIDE_1.14.0/STM32CubeIDE/plugins/com.st.stm32cube.ide.mcu.externaltools.gnu-tools-for-stm32.11.3.rel1.win32_1.1.100.202309141235/tools/bin/../lib/gcc/arm-none-eabi/11.3.1/thumb/v7e-m+fp/hard/crti.o
                0x00000000080021fc                _fini
 .fini          0x0000000008002200        0x8 C:/Program Files/ST/STM32CubeIDE_1.14.0/STM32CubeIDE/plugins/com.st.stm32cube.ide.mcu.externaltools.gnu-tools-for-stm32.11.3.rel1.win32_1.1.100.202309141235/tools/bin/../lib/gcc/arm-none-eabi/11.3.1/thumb/v7e-m+fp/hard/crtn.o
                0x0000000008002208                . = ALIGN (0x4)
                0x0000000008002208                _etext = .

.vfp11_veneer   0x0000000008002208        0x0
 .vfp11_veneer  0x0000000008002208        0x0 linker stubs

.v4_bx          0x0000000008002208        0x0
 .v4_bx         0x0000000008002208        0x0 linker stubs

.iplt           0x0000000008002208        0x0
 .iplt          0x0000000008002208        0x0 C:/Program Files/ST/STM32CubeIDE_1.14.0/STM32CubeIDE/plugins/com.st.stm32cube.ide.mcu.externaltools.gnu-tools-for-stm32.11.3.rel1.win32_1.1.100.202309141235/tools/bin/../lib/gcc/arm-none-eabi/11.3.1/thumb/v7e-m+fp/hard/crtbegin.o

.rodata         0x0000000008002208       0x18
                0x0000000008002208                . = ALIGN (0x4)
 *(.rodata)
 *(.rodata*)
 .rodata.GPIO_PIN
                0x0000000008002208        0x8 ./Drivers/BSP/STM324x9I_EVAL/stm324x9i_eval.o
                0x0000000008002208                GPIO_PIN
 .rodata.AHBPrescTable
                0x0000000008002210       0x10 ./Drivers/CMSIS/system_stm32f4xx.o
                0x0000000008002210                AHBPrescTable
                0x0000000008002220                . = ALIGN (0x4)

.ARM.extab      0x0000000008002220        0x0
                0x0000000008002220                . = ALIGN (0x4)
 *(.ARM.extab* .gnu.linkonce.armextab.*)
                0x0000000008002220                . = ALIGN (0x4)

.ARM            0x0000000008002220        0x8
                0x0000000008002220                . = ALIGN (0x4)
                0x0000000008002220                __exidx_start = .
 *(.ARM.exidx*)
 .ARM.exidx     0x0000000008002220        0x8 C:/Program Files/ST/STM32CubeIDE_1.14.0/STM32CubeIDE/plugins/com.st.stm32cube.ide.mcu.externaltools.gnu-tools-for-stm32.11.3.rel1.win32_1.1.100.202309141235/tools/bin/../lib/gcc/arm-none-eabi/11.3.1/thumb/v7e-m+fp/hard\libgcc.a(_udivmoddi4.o)
                0x0000000008002228                __exidx_end = .
                0x0000000008002228                . = ALIGN (0x4)

.rel.dyn        0x0000000008002228        0x0
 .rel.iplt      0x0000000008002228        0x0 C:/Program Files/ST/STM32CubeIDE_1.14.0/STM32CubeIDE/plugins/com.st.stm32cube.ide.mcu.externaltools.gnu-tools-for-stm32.11.3.rel1.win32_1.1.100.202309141235/tools/bin/../lib/gcc/arm-none-eabi/11.3.1/thumb/v7e-m+fp/hard/crtbegin.o

.preinit_array  0x0000000008002228        0x0
                0x0000000008002228                . = ALIGN (0x4)
                0x0000000008002228                PROVIDE (__preinit_array_start = .)
 *(.preinit_array*)
                0x0000000008002228                PROVIDE (__preinit_array_end = .)
                0x0000000008002228                . = ALIGN (0x4)

.init_array     0x0000000008002228        0x4
                0x0000000008002228                . = ALIGN (0x4)
                0x0000000008002228                PROVIDE (__init_array_start = .)
 *(SORT_BY_NAME(.init_array.*))
 *(.init_array*)
 .init_array    0x0000000008002228        0x4 C:/Program Files/ST/STM32CubeIDE_1.14.0/STM32CubeIDE/plugins/com.st.stm32cube.ide.mcu.externaltools.gnu-tools-for-stm32.11.3.rel1.win32_1.1.100.202309141235/tools/bin/../lib/gcc/arm-none-eabi/11.3.1/thumb/v7e-m+fp/hard/crtbegin.o
                0x000000000800222c                PROVIDE (__init_array_end = .)
                0x000000000800222c                . = ALIGN (0x4)

.fini_array     0x000000000800222c        0x4
                0x000000000800222c                . = ALIGN (0x4)
                [!provide]                        PROVIDE (__fini_array_start = .)
 *(SORT_BY_NAME(.fini_array.*))
 *(.fini_array*)
 .fini_array    0x000000000800222c        0x4 C:/Program Files/ST/STM32CubeIDE_1.14.0/STM32CubeIDE/plugins/com.st.stm32cube.ide.mcu.externaltools.gnu-tools-for-stm32.11.3.rel1.win32_1.1.100.202309141235/tools/bin/../lib/gcc/arm-none-eabi/11.3.1/thumb/v7e-m+fp/hard/crtbegin.o
                [!provide]                        PROVIDE (__fini_array_end = .)
                0x0000000008002230                . = ALIGN (0x4)
                0x0000000008002230                _sidata = LOADADDR (.data)

.data           0x0000000020000000       0x1c load address 0x0000000008002230
                0x0000000020000000                . = ALIGN (0x4)
                0x0000000020000000                _sdata = .
 *(.data)
 *(.data*)
 .data.GPIO_PORT
                0x0000000020000000       0x10 ./Drivers/BSP/STM324x9I_EVAL/stm324x9i_eval.o
                0x0000000020000000                GPIO_PORT
 .data.SystemCoreClock
                0x0000000020000010        0x4 ./Drivers/CMSIS/system_stm32f4xx.o
                0x0000000020000010                SystemCoreClock
 .data.uwTickPrio
                0x0000000020000014        0x4 ./Drivers/STM32F4xx_HAL_Driver/stm32f4xx_hal.o
                0x0000000020000014                uwTickPrio
 .data.uwTickFreq
                0x0000000020000018        0x1 ./Drivers/STM32F4xx_HAL_Driver/stm32f4xx_hal.o
                0x0000000020000018                uwTickFreq
 *(.RamFunc)
 *(.RamFunc*)
                0x000000002000001c                . = ALIGN (0x4)
 *fill*         0x0000000020000019        0x3 
                0x000000002000001c                _edata = .
                0x000000000800224c                _siccmram = LOADADDR (.ccmram)

.igot.plt       0x000000002000001c        0x0 load address 0x000000000800224c
 .igot.plt      0x000000002000001c        0x0 C:/Program Files/ST/STM32CubeIDE_1.14.0/STM32CubeIDE/plugins/com.st.stm32cube.ide.mcu.externaltools.gnu-tools-for-stm32.11.3.rel1.win32_1.1.100.202309141235/tools/bin/../lib/gcc/arm-none-eabi/11.3.1/thumb/v7e-m+fp/hard/crtbegin.o

.ccmram         0x0000000010000000        0x0 load address 0x000000000800224c
                0x0000000010000000                . = ALIGN (0x4)
                0x0000000010000000                _sccmram = .
 *(.ccmram)
 *(.ccmram*)
                0x0000000010000000                . = ALIGN (0x4)
                0x0000000010000000                _eccmram = .
                0x0000000010000000                . = ALIGN (0x4)

.bss            0x000000002000001c       0x88
                0x000000002000001c                _sbss = .
                0x000000002000001c                __bss_start__ = _sbss
 *(.bss)
 .bss           0x000000002000001c       0x1c C:/Program Files/ST/STM32CubeIDE_1.14.0/STM32CubeIDE/plugins/com.st.stm32cube.ide.mcu.externaltools.gnu-tools-for-stm32.11.3.rel1.win32_1.1.100.202309141235/tools/bin/../lib/gcc/arm-none-eabi/11.3.1/thumb/v7e-m+fp/hard/crtbegin.o
 *(.bss*)
 .bss.uwTick    0x0000000020000038        0x4 ./Drivers/STM32F4xx_HAL_Driver/stm32f4xx_hal.o
                0x0000000020000038                uwTick
 .bss.TimHandle
                0x000000002000003c       0x48 ./Example/User/main.o
                0x000000002000003c                TimHandle
 .bss.sConfig   0x0000000020000084       0x1c ./Example/User/main.o
                0x0000000020000084                sConfig
 .bss.uwPrescalerValue
                0x00000000200000a0        0x4 ./Example/User/main.o
                0x00000000200000a0                uwPrescalerValue
 *(COMMON)
                0x00000000200000a4                . = ALIGN (0x4)
                0x00000000200000a4                _ebss = .
                0x00000000200000a4                __bss_end__ = _ebss

._user_heap_stack
                0x00000000200000a4      0x604
                0x00000000200000a8                . = ALIGN (0x8)
 *fill*         0x00000000200000a4        0x4 
                [!provide]                        PROVIDE (end = .)
                0x00000000200000a8                PROVIDE (_end = .)
                0x00000000200002a8                . = (. + _Min_Heap_Size)
 *fill*         0x00000000200000a8      0x200 
                0x00000000200006a8                . = (. + _Min_Stack_Size)
 *fill*         0x00000000200002a8      0x400 
                0x00000000200006a8                . = ALIGN (0x8)

/DISCARD/
 libc.a(*)
 libm.a(*)
 libgcc.a(*)

.ARM.attributes
                0x0000000000000000       0x30
 *(.ARM.attributes)
 .ARM.attributes
                0x0000000000000000       0x1e C:/Program Files/ST/STM32CubeIDE_1.14.0/STM32CubeIDE/plugins/com.st.stm32cube.ide.mcu.externaltools.gnu-tools-for-stm32.11.3.rel1.win32_1.1.100.202309141235/tools/bin/../lib/gcc/arm-none-eabi/11.3.1/thumb/v7e-m+fp/hard/crti.o
 .ARM.attributes
                0x000000000000001e       0x34 C:/Program Files/ST/STM32CubeIDE_1.14.0/STM32CubeIDE/plugins/com.st.stm32cube.ide.mcu.externaltools.gnu-tools-for-stm32.11.3.rel1.win32_1.1.100.202309141235/tools/bin/../lib/gcc/arm-none-eabi/11.3.1/thumb/v7e-m+fp/hard/crtbegin.o
 .ARM.attributes
                0x0000000000000052       0x34 ./Drivers/BSP/STM324x9I_EVAL/stm324x9i_eval.o
 .ARM.attributes
                0x0000000000000086       0x34 ./Drivers/CMSIS/system_stm32f4xx.o
 .ARM.attributes
                0x00000000000000ba       0x34 ./Drivers/STM32F4xx_HAL_Driver/stm32f4xx_hal.o
 .ARM.attributes
                0x00000000000000ee       0x34 ./Drivers/STM32F4xx_HAL_Driver/stm32f4xx_hal_cortex.o
 .ARM.attributes
                0x0000000000000122       0x34 ./Drivers/STM32F4xx_HAL_Driver/stm32f4xx_hal_gpio.o
 .ARM.attributes
                0x0000000000000156       0x34 ./Drivers/STM32F4xx_HAL_Driver/stm32f4xx_hal_pwr_ex.o
 .ARM.attributes
                0x000000000000018a       0x34 ./Drivers/STM32F4xx_HAL_Driver/stm32f4xx_hal_rcc.o
 .ARM.attributes
                0x00000000000001be       0x34 ./Drivers/STM32F4xx_HAL_Driver/stm32f4xx_hal_tim.o
 .ARM.attributes
                0x00000000000001f2       0x21 ./Example/Startup/startup_stm32f429nihx.o
 .ARM.attributes
                0x0000000000000213       0x34 ./Example/User/main.o
 .ARM.attributes
                0x0000000000000247       0x34 ./Example/User/stm32f4xx_hal_msp.o
 .ARM.attributes
                0x000000000000027b       0x34 ./Example/User/stm32f4xx_it.o
 .ARM.attributes
                0x00000000000002af       0x34 C:/Program Files/ST/STM32CubeIDE_1.14.0/STM32CubeIDE/plugins/com.st.stm32cube.ide.mcu.externaltools.gnu-tools-for-stm32.11.3.rel1.win32_1.1.100.202309141235/tools/bin/../lib/gcc/arm-none-eabi/11.3.1/../../../../arm-none-eabi/lib/thumb/v7e-m+fp/hard\libc_nano.a(libc_a-init.o)
 .ARM.attributes
                0x00000000000002e3       0x1e C:/Program Files/ST/STM32CubeIDE_1.14.0/STM32CubeIDE/plugins/com.st.stm32cube.ide.mcu.externaltools.gnu-tools-for-stm32.11.3.rel1.win32_1.1.100.202309141235/tools/bin/../lib/gcc/arm-none-eabi/11.3.1/thumb/v7e-m+fp/hard\libgcc.a(_aeabi_uldivmod.o)
 .ARM.attributes
                0x0000000000000301       0x34 C:/Program Files/ST/STM32CubeIDE_1.14.0/STM32CubeIDE/plugins/com.st.stm32cube.ide.mcu.externaltools.gnu-tools-for-stm32.11.3.rel1.win32_1.1.100.202309141235/tools/bin/../lib/gcc/arm-none-eabi/11.3.1/thumb/v7e-m+fp/hard\libgcc.a(_udivmoddi4.o)
 .ARM.attributes
                0x0000000000000335       0x1e C:/Program Files/ST/STM32CubeIDE_1.14.0/STM32CubeIDE/plugins/com.st.stm32cube.ide.mcu.externaltools.gnu-tools-for-stm32.11.3.rel1.win32_1.1.100.202309141235/tools/bin/../lib/gcc/arm-none-eabi/11.3.1/thumb/v7e-m+fp/hard\libgcc.a(_dvmd_tls.o)
 .ARM.attributes
                0x0000000000000353       0x1e C:/Program Files/ST/STM32CubeIDE_1.14.0/STM32CubeIDE/plugins/com.st.stm32cube.ide.mcu.externaltools.gnu-tools-for-stm32.11.3.rel1.win32_1.1.100.202309141235/tools/bin/../lib/gcc/arm-none-eabi/11.3.1/thumb/v7e-m+fp/hard/crtn.o
OUTPUT(TIM_PWMOutput.elf elf32-littlearm)
LOAD linker stubs
LOAD C:/Program Files/ST/STM32CubeIDE_1.14.0/STM32CubeIDE/plugins/com.st.stm32cube.ide.mcu.externaltools.gnu-tools-for-stm32.11.3.rel1.win32_1.1.100.202309141235/tools/bin/../lib/gcc/arm-none-eabi/11.3.1/../../../../arm-none-eabi/lib/thumb/v7e-m+fp/hard\libc.a
LOAD C:/Program Files/ST/STM32CubeIDE_1.14.0/STM32CubeIDE/plugins/com.st.stm32cube.ide.mcu.externaltools.gnu-tools-for-stm32.11.3.rel1.win32_1.1.100.202309141235/tools/bin/../lib/gcc/arm-none-eabi/11.3.1/../../../../arm-none-eabi/lib/thumb/v7e-m+fp/hard\libm.a
LOAD C:/Program Files/ST/STM32CubeIDE_1.14.0/STM32CubeIDE/plugins/com.st.stm32cube.ide.mcu.externaltools.gnu-tools-for-stm32.11.3.rel1.win32_1.1.100.202309141235/tools/bin/../lib/gcc/arm-none-eabi/11.3.1/thumb/v7e-m+fp/hard\libgcc.a

.comment        0x0000000000000000       0x43
 .comment       0x0000000000000000       0x43 C:/Program Files/ST/STM32CubeIDE_1.14.0/STM32CubeIDE/plugins/com.st.stm32cube.ide.mcu.externaltools.gnu-tools-for-stm32.11.3.rel1.win32_1.1.100.202309141235/tools/bin/../lib/gcc/arm-none-eabi/11.3.1/thumb/v7e-m+fp/hard/crtbegin.o
                                         0x44 (size before relaxing)
 .comment       0x0000000000000043       0x44 ./Drivers/BSP/STM324x9I_EVAL/stm324x9i_eval.o
 .comment       0x0000000000000043       0x44 ./Drivers/CMSIS/system_stm32f4xx.o
 .comment       0x0000000000000043       0x44 ./Drivers/STM32F4xx_HAL_Driver/stm32f4xx_hal.o
 .comment       0x0000000000000043       0x44 ./Drivers/STM32F4xx_HAL_Driver/stm32f4xx_hal_cortex.o
 .comment       0x0000000000000043       0x44 ./Drivers/STM32F4xx_HAL_Driver/stm32f4xx_hal_gpio.o
 .comment       0x0000000000000043       0x44 ./Drivers/STM32F4xx_HAL_Driver/stm32f4xx_hal_pwr_ex.o
 .comment       0x0000000000000043       0x44 ./Drivers/STM32F4xx_HAL_Driver/stm32f4xx_hal_rcc.o
 .comment       0x0000000000000043       0x44 ./Drivers/STM32F4xx_HAL_Driver/stm32f4xx_hal_tim.o
 .comment       0x0000000000000043       0x44 ./Example/User/main.o
 .comment       0x0000000000000043       0x44 ./Example/User/stm32f4xx_hal_msp.o
 .comment       0x0000000000000043       0x44 ./Example/User/stm32f4xx_it.o

.debug_info     0x0000000000000000     0x8fb5
 .debug_info    0x0000000000000000     0x1c8b ./Drivers/BSP/STM324x9I_EVAL/stm324x9i_eval.o
 .debug_info    0x0000000000001c8b      0x52e ./Drivers/CMSIS/system_stm32f4xx.o
 .debug_info    0x00000000000021b9      0x9ba ./Drivers/STM32F4xx_HAL_Driver/stm32f4xx_hal.o
 .debug_info    0x0000000000002b73      0xd8d ./Drivers/STM32F4xx_HAL_Driver/stm32f4xx_hal_cortex.o
 .debug_info    0x0000000000003900      0x6db ./Drivers/STM32F4xx_HAL_Driver/stm32f4xx_hal_gpio.o
 .debug_info    0x0000000000003fdb      0x6be ./Drivers/STM32F4xx_HAL_Driver/stm32f4xx_hal_pwr_ex.o
 .debug_info    0x0000000000004699      0x8c9 ./Drivers/STM32F4xx_HAL_Driver/stm32f4xx_hal_rcc.o
 .debug_info    0x0000000000004f62     0x299d ./Drivers/STM32F4xx_HAL_Driver/stm32f4xx_hal_tim.o
 .debug_info    0x00000000000078ff       0x23 ./Example/Startup/startup_stm32f429nihx.o
 .debug_info    0x0000000000007922      0xbd6 ./Example/User/main.o
 .debug_info    0x00000000000084f8      0x9ab ./Example/User/stm32f4xx_hal_msp.o
 .debug_info    0x0000000000008ea3      0x112 ./Example/User/stm32f4xx_it.o

.debug_abbrev   0x0000000000000000     0x1694
 .debug_abbrev  0x0000000000000000      0x339 ./Drivers/BSP/STM324x9I_EVAL/stm324x9i_eval.o
 .debug_abbrev  0x0000000000000339      0x11a ./Drivers/CMSIS/system_stm32f4xx.o
 .debug_abbrev  0x0000000000000453      0x214 ./Drivers/STM32F4xx_HAL_Driver/stm32f4xx_hal.o
 .debug_abbrev  0x0000000000000667      0x328 ./Drivers/STM32F4xx_HAL_Driver/stm32f4xx_hal_cortex.o
 .debug_abbrev  0x000000000000098f      0x1d4 ./Drivers/STM32F4xx_HAL_Driver/stm32f4xx_hal_gpio.o
 .debug_abbrev  0x0000000000000b63      0x1cf ./Drivers/STM32F4xx_HAL_Driver/stm32f4xx_hal_pwr_ex.o
 .debug_abbrev  0x0000000000000d32      0x2b6 ./Drivers/STM32F4xx_HAL_Driver/stm32f4xx_hal_rcc.o
 .debug_abbrev  0x0000000000000fe8      0x278 ./Drivers/STM32F4xx_HAL_Driver/stm32f4xx_hal_tim.o
 .debug_abbrev  0x0000000000001260       0x12 ./Example/Startup/startup_stm32f429nihx.o
 .debug_abbrev  0x0000000000001272      0x216 ./Example/User/main.o
 .debug_abbrev  0x0000000000001488      0x199 ./Example/User/stm32f4xx_hal_msp.o
 .debug_abbrev  0x0000000000001621       0x73 ./Example/User/stm32f4xx_it.o

.debug_aranges  0x0000000000000000      0x988
 .debug_aranges
                0x0000000000000000      0x158 ./Drivers/BSP/STM324x9I_EVAL/stm324x9i_eval.o
 .debug_aranges
                0x0000000000000158       0x28 ./Drivers/CMSIS/system_stm32f4xx.o
 .debug_aranges
                0x0000000000000180      0x100 ./Drivers/STM32F4xx_HAL_Driver/stm32f4xx_hal.o
 .debug_aranges
                0x0000000000000280      0x120 ./Drivers/STM32F4xx_HAL_Driver/stm32f4xx_hal_cortex.o
 .debug_aranges
                0x00000000000003a0       0x58 ./Drivers/STM32F4xx_HAL_Driver/stm32f4xx_hal_gpio.o
 .debug_aranges
                0x00000000000003f8       0x60 ./Drivers/STM32F4xx_HAL_Driver/stm32f4xx_hal_pwr_ex.o
 .debug_aranges
                0x0000000000000458       0x88 ./Drivers/STM32F4xx_HAL_Driver/stm32f4xx_hal_rcc.o
 .debug_aranges
                0x00000000000004e0      0x3d0 ./Drivers/STM32F4xx_HAL_Driver/stm32f4xx_hal_tim.o
 .debug_aranges
                0x00000000000008b0       0x28 ./Example/Startup/startup_stm32f429nihx.o
 .debug_aranges
                0x00000000000008d8       0x30 ./Example/User/main.o
 .debug_aranges
                0x0000000000000908       0x20 ./Example/User/stm32f4xx_hal_msp.o
 .debug_aranges
                0x0000000000000928       0x60 ./Example/User/stm32f4xx_it.o

.debug_rnglists
                0x0000000000000000      0x742
 .debug_rnglists
                0x0000000000000000      0x102 ./Drivers/BSP/STM324x9I_EVAL/stm324x9i_eval.o
 .debug_rnglists
                0x0000000000000102       0x1a ./Drivers/CMSIS/system_stm32f4xx.o
 .debug_rnglists
                0x000000000000011c       0xbb ./Drivers/STM32F4xx_HAL_Driver/stm32f4xx_hal.o
 .debug_rnglists
                0x00000000000001d7       0xd4 ./Drivers/STM32F4xx_HAL_Driver/stm32f4xx_hal_cortex.o
 .debug_rnglists
                0x00000000000002ab       0x3f ./Drivers/STM32F4xx_HAL_Driver/stm32f4xx_hal_gpio.o
 .debug_rnglists
                0x00000000000002ea       0x47 ./Drivers/STM32F4xx_HAL_Driver/stm32f4xx_hal_pwr_ex.o
 .debug_rnglists
                0x0000000000000331       0x66 ./Drivers/STM32F4xx_HAL_Driver/stm32f4xx_hal_rcc.o
 .debug_rnglists
                0x0000000000000397      0x31a ./Drivers/STM32F4xx_HAL_Driver/stm32f4xx_hal_tim.o
 .debug_rnglists
                0x00000000000006b1       0x19 ./Example/Startup/startup_stm32f429nihx.o
 .debug_rnglists
                0x00000000000006ca       0x21 ./Example/User/main.o
 .debug_rnglists
                0x00000000000006eb       0x14 ./Example/User/stm32f4xx_hal_msp.o
 .debug_rnglists
                0x00000000000006ff       0x43 ./Example/User/stm32f4xx_it.o

.debug_macro    0x0000000000000000    0x220fa
 .debug_macro   0x0000000000000000      0x232 ./Drivers/BSP/STM324x9I_EVAL/stm324x9i_eval.o
 .debug_macro   0x0000000000000232      0x2c3 ./Drivers/BSP/STM324x9I_EVAL/stm324x9i_eval.o
 .debug_macro   0x00000000000004f5       0x2e ./Drivers/BSP/STM324x9I_EVAL/stm324x9i_eval.o
 .debug_macro   0x0000000000000523       0x28 ./Drivers/BSP/STM324x9I_EVAL/stm324x9i_eval.o
 .debug_macro   0x000000000000054b       0x1c ./Drivers/BSP/STM324x9I_EVAL/stm324x9i_eval.o
 .debug_macro   0x0000000000000567       0x22 ./Drivers/BSP/STM324x9I_EVAL/stm324x9i_eval.o
 .debug_macro   0x0000000000000589       0xfb ./Drivers/BSP/STM324x9I_EVAL/stm324x9i_eval.o
 .debug_macro   0x0000000000000684     0x1011 ./Drivers/BSP/STM324x9I_EVAL/stm324x9i_eval.o
 .debug_macro   0x0000000000001695      0x11f ./Drivers/BSP/STM324x9I_EVAL/stm324x9i_eval.o
 .debug_macro   0x00000000000017b4    0x17fd8 ./Drivers/BSP/STM324x9I_EVAL/stm324x9i_eval.o
 .debug_macro   0x000000000001978c       0x6d ./Drivers/BSP/STM324x9I_EVAL/stm324x9i_eval.o
 .debug_macro   0x00000000000197f9     0x3703 ./Drivers/BSP/STM324x9I_EVAL/stm324x9i_eval.o
 .debug_macro   0x000000000001cefc      0x174 ./Drivers/BSP/STM324x9I_EVAL/stm324x9i_eval.o
 .debug_macro   0x000000000001d070       0x5c ./Drivers/BSP/STM324x9I_EVAL/stm324x9i_eval.o
 .debug_macro   0x000000000001d0cc      0xcba ./Drivers/BSP/STM324x9I_EVAL/stm324x9i_eval.o
 .debug_macro   0x000000000001dd86      0x9e9 ./Drivers/BSP/STM324x9I_EVAL/stm324x9i_eval.o
 .debug_macro   0x000000000001e76f      0x115 ./Drivers/BSP/STM324x9I_EVAL/stm324x9i_eval.o
 .debug_macro   0x000000000001e884      0x156 ./Drivers/BSP/STM324x9I_EVAL/stm324x9i_eval.o
 .debug_macro   0x000000000001e9da       0xa5 ./Drivers/BSP/STM324x9I_EVAL/stm324x9i_eval.o
 .debug_macro   0x000000000001ea7f      0x287 ./Drivers/BSP/STM324x9I_EVAL/stm324x9i_eval.o
 .debug_macro   0x000000000001ed06       0x5f ./Drivers/BSP/STM324x9I_EVAL/stm324x9i_eval.o
 .debug_macro   0x000000000001ed65      0x236 ./Drivers/BSP/STM324x9I_EVAL/stm324x9i_eval.o
 .debug_macro   0x000000000001ef9b      0x132 ./Drivers/BSP/STM324x9I_EVAL/stm324x9i_eval.o
 .debug_macro   0x000000000001f0cd      0x41d ./Drivers/BSP/STM324x9I_EVAL/stm324x9i_eval.o
 .debug_macro   0x000000000001f4ea       0x2e ./Drivers/BSP/STM324x9I_EVAL/stm324x9i_eval.o
 .debug_macro   0x000000000001f518      0x1b5 ./Drivers/BSP/STM324x9I_EVAL/stm324x9i_eval.o
 .debug_macro   0x000000000001f6cd       0x22 ./Drivers/BSP/STM324x9I_EVAL/stm324x9i_eval.o
 .debug_macro   0x000000000001f6ef       0xd6 ./Drivers/BSP/STM324x9I_EVAL/stm324x9i_eval.o
 .debug_macro   0x000000000001f7c5      0x127 ./Drivers/BSP/STM324x9I_EVAL/stm324x9i_eval.o
 .debug_macro   0x000000000001f8ec       0xe2 ./Drivers/BSP/STM324x9I_EVAL/stm324x9i_eval.o
 .debug_macro   0x000000000001f9ce       0x89 ./Drivers/BSP/STM324x9I_EVAL/stm324x9i_eval.o
 .debug_macro   0x000000000001fa57      0x8ed ./Drivers/BSP/STM324x9I_EVAL/stm324x9i_eval.o
 .debug_macro   0x0000000000020344       0x4d ./Drivers/BSP/STM324x9I_EVAL/stm324x9i_eval.o
 .debug_macro   0x0000000000020391      0x2aa ./Drivers/BSP/STM324x9I_EVAL/stm324x9i_eval.o
 .debug_macro   0x000000000002063b      0x134 ./Drivers/BSP/STM324x9I_EVAL/stm324x9i_eval.o
 .debug_macro   0x000000000002076f      0x299 ./Drivers/BSP/STM324x9I_EVAL/stm324x9i_eval.o
 .debug_macro   0x0000000000020a08       0x6a ./Drivers/BSP/STM324x9I_EVAL/stm324x9i_eval.o
 .debug_macro   0x0000000000020a72      0x1e3 ./Drivers/CMSIS/system_stm32f4xx.o
 .debug_macro   0x0000000000020c55      0x23d ./Drivers/STM32F4xx_HAL_Driver/stm32f4xx_hal.o
 .debug_macro   0x0000000000020e92      0x1dd ./Drivers/STM32F4xx_HAL_Driver/stm32f4xx_hal_cortex.o
 .debug_macro   0x000000000002106f      0x1e3 ./Drivers/STM32F4xx_HAL_Driver/stm32f4xx_hal_gpio.o
 .debug_macro   0x0000000000021252      0x1f5 ./Drivers/STM32F4xx_HAL_Driver/stm32f4xx_hal_pwr_ex.o
 .debug_macro   0x0000000000021447      0x201 ./Drivers/STM32F4xx_HAL_Driver/stm32f4xx_hal_rcc.o
 .debug_macro   0x0000000000021648      0x1de ./Drivers/STM32F4xx_HAL_Driver/stm32f4xx_hal_tim.o
 .debug_macro   0x0000000000021826      0x213 ./Example/User/main.o
 .debug_macro   0x0000000000021a39      0x29f ./Example/User/main.o
 .debug_macro   0x0000000000021cd8       0x2e ./Example/User/main.o
 .debug_macro   0x0000000000021d06      0x1f5 ./Example/User/stm32f4xx_hal_msp.o
 .debug_macro   0x0000000000021efb      0x1ff ./Example/User/stm32f4xx_it.o

.debug_line     0x0000000000000000     0xab17
 .debug_line    0x0000000000000000      0xec7 ./Drivers/BSP/STM324x9I_EVAL/stm324x9i_eval.o
 .debug_line    0x0000000000000ec7      0x8e7 ./Drivers/CMSIS/system_stm32f4xx.o
 .debug_line    0x00000000000017ae      0xb67 ./Drivers/STM32F4xx_HAL_Driver/stm32f4xx_hal.o
 .debug_line    0x0000000000002315      0xdfd ./Drivers/STM32F4xx_HAL_Driver/stm32f4xx_hal_cortex.o
 .debug_line    0x0000000000003112      0xccd ./Drivers/STM32F4xx_HAL_Driver/stm32f4xx_hal_gpio.o
 .debug_line    0x0000000000003ddf      0xa5a ./Drivers/STM32F4xx_HAL_Driver/stm32f4xx_hal_pwr_ex.o
 .debug_line    0x0000000000004839      0xea8 ./Drivers/STM32F4xx_HAL_Driver/stm32f4xx_hal_rcc.o
 .debug_line    0x00000000000056e1     0x38bd ./Drivers/STM32F4xx_HAL_Driver/stm32f4xx_hal_tim.o
 .debug_line    0x0000000000008f9e       0x7a ./Example/Startup/startup_stm32f429nihx.o
 .debug_line    0x0000000000009018      0x930 ./Example/User/main.o
 .debug_line    0x0000000000009948      0x89b ./Example/User/stm32f4xx_hal_msp.o
 .debug_line    0x000000000000a1e3      0x934 ./Example/User/stm32f4xx_it.o

.debug_str      0x0000000000000000    0xd8b61
 .debug_str     0x0000000000000000    0xd6633 ./Drivers/BSP/STM324x9I_EVAL/stm324x9i_eval.o
                                      0xd6981 (size before relaxing)
 .debug_str     0x00000000000d6633      0x102 ./Drivers/CMSIS/system_stm32f4xx.o
                                      0xd3dc0 (size before relaxing)
 .debug_str     0x00000000000d6735      0x680 ./Drivers/STM32F4xx_HAL_Driver/stm32f4xx_hal.o
                                      0xd49d3 (size before relaxing)
 .debug_str     0x00000000000d6db5      0x365 ./Drivers/STM32F4xx_HAL_Driver/stm32f4xx_hal_cortex.o
                                      0xd46cf (size before relaxing)
 .debug_str     0x00000000000d711a      0x124 ./Drivers/STM32F4xx_HAL_Driver/stm32f4xx_hal_gpio.o
                                      0xd3f2b (size before relaxing)
 .debug_str     0x00000000000d723e      0x158 ./Drivers/STM32F4xx_HAL_Driver/stm32f4xx_hal_pwr_ex.o
                                      0xd3f88 (size before relaxing)
 .debug_str     0x00000000000d7396      0x379 ./Drivers/STM32F4xx_HAL_Driver/stm32f4xx_hal_rcc.o
                                      0xd41e4 (size before relaxing)
 .debug_str     0x00000000000d770f     0x116f ./Drivers/STM32F4xx_HAL_Driver/stm32f4xx_hal_tim.o
                                      0xd5127 (size before relaxing)
 .debug_str     0x00000000000d887e       0x37 ./Example/Startup/startup_stm32f429nihx.o
                                         0x64 (size before relaxing)
 .debug_str     0x00000000000d88b5      0x1ab ./Example/User/main.o
                                      0xd57fa (size before relaxing)
 .debug_str     0x00000000000d8a60       0x32 ./Example/User/stm32f4xx_hal_msp.o
                                      0xd5589 (size before relaxing)
 .debug_str     0x00000000000d8a92       0xcf ./Example/User/stm32f4xx_it.o
                                      0xd4f32 (size before relaxing)

.debug_frame    0x0000000000000000     0x26c0
 .debug_frame   0x0000000000000000      0x578 ./Drivers/BSP/STM324x9I_EVAL/stm324x9i_eval.o
 .debug_frame   0x0000000000000578       0x58 ./Drivers/CMSIS/system_stm32f4xx.o
 .debug_frame   0x00000000000005d0      0x3b4 ./Drivers/STM32F4xx_HAL_Driver/stm32f4xx_hal.o
 .debug_frame   0x0000000000000984      0x4b8 ./Drivers/STM32F4xx_HAL_Driver/stm32f4xx_hal_cortex.o
 .debug_frame   0x0000000000000e3c      0x14c ./Drivers/STM32F4xx_HAL_Driver/stm32f4xx_hal_gpio.o
 .debug_frame   0x0000000000000f88      0x14c ./Drivers/STM32F4xx_HAL_Driver/stm32f4xx_hal_pwr_ex.o
 .debug_frame   0x00000000000010d4      0x1f4 ./Drivers/STM32F4xx_HAL_Driver/stm32f4xx_hal_rcc.o
 .debug_frame   0x00000000000012c8     0x11c0 ./Drivers/STM32F4xx_HAL_Driver/stm32f4xx_hal_tim.o
 .debug_frame   0x0000000000002488       0x6c ./Example/User/main.o
 .debug_frame   0x00000000000024f4       0x34 ./Example/User/stm32f4xx_hal_msp.o
 .debug_frame   0x0000000000002528      0x10c ./Example/User/stm32f4xx_it.o
 .debug_frame   0x0000000000002634       0x2c C:/Program Files/ST/STM32CubeIDE_1.14.0/STM32CubeIDE/plugins/com.st.stm32cube.ide.mcu.externaltools.gnu-tools-for-stm32.11.3.rel1.win32_1.1.100.202309141235/tools/bin/../lib/gcc/arm-none-eabi/11.3.1/../../../../arm-none-eabi/lib/thumb/v7e-m+fp/hard\libc_nano.a(libc_a-init.o)
 .debug_frame   0x0000000000002660       0x2c C:/Program Files/ST/STM32CubeIDE_1.14.0/STM32CubeIDE/plugins/com.st.stm32cube.ide.mcu.externaltools.gnu-tools-for-stm32.11.3.rel1.win32_1.1.100.202309141235/tools/bin/../lib/gcc/arm-none-eabi/11.3.1/thumb/v7e-m+fp/hard\libgcc.a(_aeabi_uldivmod.o)
 .debug_frame   0x000000000000268c       0x34 C:/Program Files/ST/STM32CubeIDE_1.14.0/STM32CubeIDE/plugins/com.st.stm32cube.ide.mcu.externaltools.gnu-tools-for-stm32.11.3.rel1.win32_1.1.100.202309141235/tools/bin/../lib/gcc/arm-none-eabi/11.3.1/thumb/v7e-m+fp/hard\libgcc.a(_udivmoddi4.o)

.debug_line_str
                0x0000000000000000       0x58
 .debug_line_str
                0x0000000000000000       0x58 ./Example/Startup/startup_stm32f429nihx.o
                                         0x70 (size before relaxing)
