16:29:58 **** Incremental Build of configuration Debug for project pwmTest2 ****
make -j8 all 
arm-none-eabi-gcc "../Core/Src/stm32f4xx_it.c" -mcpu=cortex-m4 -std=gnu11 -g3 -DDEBUG -DUSE_HAL_DRIVER -DSTM32F401xC -c -I../Core/Inc -I../Drivers/STM32F4xx_HAL_Driver/Inc -I../Drivers/STM32F4xx_HAL_Driver/Inc/Legacy -I../Drivers/CMSIS/Device/ST/STM32F4xx/Include -I../Drivers/CMSIS/Include -O0 -ffunction-sections -fdata-sections -Wall -fstack-usage -fcyclomatic-complexity -MMD -MP -MF"Core/Src/stm32f4xx_it.d" -MT"Core/Src/stm32f4xx_it.o" --specs=nano.specs -mfpu=fpv4-sp-d16 -mfloat-abi=hard -mthumb -o "Core/Src/stm32f4xx_it.o"
arm-none-eabi-gcc -o "pwmTest2.elf" @"objects.list"   -mcpu=cortex-m4 -T"C:\WD\CCLAD\pwmTest2\STM32F401CCUX_FLASH.ld" --specs=nosys.specs -Wl,-Map="pwmTest2.map" -Wl,--gc-sections -static --specs=nano.specs -mfpu=fpv4-sp-d16 -mfloat-abi=hard -mthumb -Wl,--start-group -lc -lm -Wl,--end-group
Finished building target: pwmTest2.elf
 
arm-none-eabi-size  pwmTest2.elf 
arm-none-eabi-objdump -h -S pwmTest2.elf  > "pwmTest2.list"
   text	   data	    bss	    dec	    hex	filename
  10184	     20	   1732	  11936	   2ea0	pwmTest2.elf
Finished building: default.size.stdout
 
Finished building: pwmTest2.list
 

16:29:59 Build Finished. 0 errors, 0 warnings. (took 975ms)

